Script started on Fri Jul 13 19:11:07 2018
[shnam@mtrx-node02pd at_home]$ ms4
Contact Management System
-------------------------
Please enter the contact's first name: Wilma
Do you want to enter a middle initial(s)? (y or n): y
Please enter the contact's middle initial(s): Flintstone
Please enter the contact's last name: 100
Please enter the contact's street number: Bedrock
Please enter the contact's street name: Do you want to enter an apartment number? (y or n): y^C
[shnam@mtrx-node02pd at_home]$ ls -s ~mohammad.shamas/submit 144_a1ms4
[H[JSubmitter (V0.97.2)
Submitting Assignment 1 - Milestone 4
gcc -Wall -o ms4 a1ms4.c contacts.c 2> error.txt
Success! no errors or warnings...


READ THE FOLLOWING CAREFULLY!
I am about to execute the tester and script the output to "output.txt"
Please enter the values carefuly and exactly as instructed.
Press <ENTER> to start...
[H[JFOLLOW THESE INSTRUCTIONS:
1- Type ms4 and hit <ENTER>
2- Use the test data specified in Assignment 1 - Milestone 4 to test the program
3- When done, type exit and hit <ENTER> to continue the submission process.
Script started, file is output.txt
[shnam@mtrx-node02pd at_home]$ ms4
Contact Management System
-------------------------
Please enter the contact's first name: Wilma
Do you want to enter a middle initial(s)? (y or n): y
Please enter the contact's middle initial(s): Dino
Please enter the contact's last name: Flintstone
Please enter the contact's street number: 100
Please enter the contact's street name: Bedrock
Do you want to enter an apartment number? (y or n): y
Please enter the contact's apartment number: 14
Please enter the contact's postal code: Z8Z 7R7
Please enter the contact's city: Markham
Do you want to enter a cell phone number? (y or n): Y
Please enter the contact's cell phone number: 647-505-5555
Do you want to enter a home phone number? (y or n): Y
Please enter the contact's home phone number: 905-222-3333
Do you want to enter a business phone number? (y or n): Y
Please enter the contact's business phone number: 416-491-5050

Contact Details
---------------
Name Details
First name: Wilma
Middle initial(s): Dino
Last name: Flintstone

Address Details
Street number: 100
Street name: Bedrock
Apartment: 14
Postal code: Z8Z 7R7
City: Markham

Phone Numbers:
Cell phone number: 647-505-5555
Home phone number: 905-222-3333
Business phone number: 416-491-5050

Structure test for Contact using functions done!
[shnam@mtrx-node02pd at_home]$ exit
exit
Script done, file is output.txt
Success!... Outputs match.

Would you like to submit this demonstration of Assignment 1 - Milestone 4? (Y)es/(N)o: y
Thank you!, Your work is now submitted.
[shnam@mtrx-node02pd at_home]$ exit
exit

Script done on Fri Jul 13 19:13:28 2018
